../Core/Src/can_config.c:128:6:CAN_Init	8	static
../Core/Src/can_config.c:173:6:HAL_CAN_RxFifo0MsgPendingCallback	16	static
../Core/Src/can_config.c:186:6:CAN_On_Receive	16	static
../Core/Src/can_config.c:208:6:CAN_Receive	24	static
../Core/Src/can_config.c:226:6:CAN_Transmit	24	static
../Core/Src/can_config.c:240:6:CAN_Respond	16	static
../Core/Src/can_config.c:256:6:CAN_ProcessWriteCommand	16	static
../Core/Src/can_config.c:275:6:CAN_AcknowledgeWriteMessage	16	static
../Core/Src/can_config.c:289:6:CAN_ReportError	16	static
../Core/Src/can_config.c:303:6:CANBUS_Error_Handler	4	static,ignoring_inline_asm
../Core/Src/can_config.c:317:6:ReadReactionHandler1	4	static
../Core/Src/can_config.c:328:6:WriteReactionHandler1	4	static
